GET 03000005 
    PK testpb.ExampleAutoIncrementTable 5 -> {"id":5}
GET 03808002 
    SEQ testpb.ExampleAutoIncrementTable 0
GET 03000001 
    PK testpb.ExampleAutoIncrementTable 1 -> {"id":1}
ORM BEFORE INSERT testpb.ExampleAutoIncrementTable {"id":1,"x":"foo","y":5}
HAS 0301666f6f
    ERR:EOF
SET 03000001 1203666f6f1805
    PK testpb.ExampleAutoIncrementTable 1 -> {"id":1,"x":"foo","y":5}
SET 03808002 01
    SEQ testpb.ExampleAutoIncrementTable 1
SET 0301666f6f 0001
    UNIQ testpb.ExampleAutoIncrementTable x : foo -> 1
ORM AFTER INSERT testpb.ExampleAutoIncrementTable {"id":1,"x":"foo","y":5}
GET 03808002 01
    SEQ testpb.ExampleAutoIncrementTable 1
GET 03000002 
    PK testpb.ExampleAutoIncrementTable 2 -> {"id":2}
ORM BEFORE INSERT testpb.ExampleAutoIncrementTable {"id":2,"x":"bar","y":10}
HAS 0301626172
    ERR:EOF
SET 03000002 1203626172180a
    PK testpb.ExampleAutoIncrementTable 2 -> {"id":2,"x":"bar","y":10}
SET 03808002 02
    SEQ testpb.ExampleAutoIncrementTable 2
SET 0301626172 0002
    UNIQ testpb.ExampleAutoIncrementTable x : bar -> 2
ORM AFTER INSERT testpb.ExampleAutoIncrementTable {"id":2,"x":"bar","y":10}
GET 03808002 02
    SEQ testpb.ExampleAutoIncrementTable 2
ITERATOR 0300 -> 0301
  VALID true
  KEY 03000001 1203666f6f1805
      PK testpb.ExampleAutoIncrementTable 1 -> {"id":1,"x":"foo","y":5}
  NEXT
  VALID true
  KEY 03000002 1203626172180a
      PK testpb.ExampleAutoIncrementTable 2 -> {"id":2,"x":"bar","y":10}
  NEXT
  VALID false
ITERATOR 0300 -> 0301
  VALID true
  KEY 03000001 1203666f6f1805
      PK testpb.ExampleAutoIncrementTable 1 -> {"id":1,"x":"foo","y":5}
  KEY 03000001 1203666f6f1805
      PK testpb.ExampleAutoIncrementTable 1 -> {"id":1,"x":"foo","y":5}
  NEXT
  VALID true
  KEY 03000002 1203626172180a
      PK testpb.ExampleAutoIncrementTable 2 -> {"id":2,"x":"bar","y":10}
  KEY 03000002 1203626172180a
      PK testpb.ExampleAutoIncrementTable 2 -> {"id":2,"x":"bar","y":10}
  NEXT
  VALID false
GET 03000001 1203666f6f1805
    PK testpb.ExampleAutoIncrementTable 1 -> {"id":1,"x":"foo","y":5}
ORM BEFORE DELETE testpb.ExampleAutoIncrementTable {"id":1,"x":"foo","y":5}
DEL 03000001
DEL PK testpb.ExampleAutoIncrementTable 1 -> {"id":1}
DEL 0301666f6f
DEL ERR:EOF
ORM AFTER DELETE testpb.ExampleAutoIncrementTable {"id":1,"x":"foo","y":5}
GET 03000002 1203626172180a
    PK testpb.ExampleAutoIncrementTable 2 -> {"id":2,"x":"bar","y":10}
ORM BEFORE DELETE testpb.ExampleAutoIncrementTable {"id":2,"x":"bar","y":10}
DEL 03000002
DEL PK testpb.ExampleAutoIncrementTable 2 -> {"id":2}
DEL 0301626172
DEL ERR:EOF
ORM AFTER DELETE testpb.ExampleAutoIncrementTable {"id":2,"x":"bar","y":10}
GET 03808002 02
    SEQ testpb.ExampleAutoIncrementTable 2
ITERATOR 0300 -> 0301
  VALID false
