{"body":{"messages":[{"@type":"/cosmos.bank.v1beta1.MsgUpdateParams","authority":"cosmos1y74p8wyy4enfhfn342njve6cjmj5c8dtl6emdk","params":{"send_enabled":[{"denom":"stake","enabled":true}],"default_send_enabled":true}}],"memo":"","timeout_height":"0","unordered":false,"timeout_timestamp":null,"extension_options":[],"non_critical_extension_options":[]},"auth_info":{"signer_infos":[],"fee":{"amount":[],"gas_limit":"200000","payer":"","granter":""},"tip":null},"signatures":[]}
