{"body":{"messages":[{"@type":"/testpbgogo.MsgRequestGogoOnly","str":"henlo","a_coin":{"denom":"foo","amount":"1"},"an_address":"cosmos1y74p8wyy4enfhfn342njve6cjmj5c8dtl6emdk","a_validator_address":""}],"memo":"","timeout_height":"0","unordered":false,"timeout_timestamp":null,"extension_options":[],"non_critical_extension_options":[]},"auth_info":{"signer_infos":[],"fee":{"amount":[],"gas_limit":"200000","payer":"","granter":""},"tip":null},"signatures":[]}
