{"body":{"messages":[{"@type":"/cosmos.bank.v1beta1.MsgSend","from_address":"cosmos1y74p8wyy4enfhfn342njve6cjmj5c8dtl6emdk","to_address":"cosmos1y74p8wyy4enfhfn342njve6cjmj5c8dtl6emdk","amount":[{"denom":"foo","amount":"1"}]}]},"auth_info":{"fee":{"gas_limit":"200000"}}}
